
Memory Configuration

Name             Origin             Length             Attributes
mem              0x00000000         0x04000000         xrw
*default*        0x00000000         0xffffffff

Linker script and memory map

                0x00010000                . = 0x10000

.startup        0x00010000       0x10
 startup.o(.text)
 .text          0x00010000       0x10 startup.o
                0x00010000                reset

.text           0x00010010       0x54
 *(.text)
 .text          0x00010010       0x20 app.o
                0x00010010                main
 .text          0x00010030       0x34 uart.o
                0x00010030                uart_send_string
 *(.rodata)

.glue_7         0x00010064        0x0
 .glue_7        0x00010064        0x0 linker stubs

.glue_7t        0x00010064        0x0
 .glue_7t       0x00010064        0x0 linker stubs

.vfp11_veneer   0x00010064        0x0
 .vfp11_veneer  0x00010064        0x0 linker stubs

.v4_bx          0x00010064        0x0
 .v4_bx         0x00010064        0x0 linker stubs

.iplt           0x00010064        0x0
 .iplt          0x00010064        0x0 startup.o

.rel.dyn        0x00010064        0x0
 .rel.iplt      0x00010064        0x0 startup.o

.data           0x00010064       0x64
 *(.data)
 .data          0x00010064        0x0 startup.o
 .data          0x00010064       0x64 app.o
                0x00010064                string_buffer
 .data          0x000100c8        0x0 uart.o

.igot.plt       0x000100c8        0x0
 .igot.plt      0x000100c8        0x0 startup.o

.bss            0x000100c8        0x0
 *(.bss)
 .bss           0x000100c8        0x0 startup.o
 .bss           0x000100c8        0x0 app.o
 .bss           0x000100c8        0x0 uart.o
 *(COMMON)
                0x000110c8                . = (. + 0x1000)
                0x000110c8                stack_top = .
LOAD startup.o
LOAD app.o
LOAD uart.o
OUTPUT(learn-in-depth.elf elf32-littlearm)

.ARM.attributes
                0x00000000       0x2e
 .ARM.attributes
                0x00000000       0x22 startup.o
 .ARM.attributes
                0x00000022       0x32 app.o
 .ARM.attributes
                0x00000054       0x32 uart.o

.comment        0x00000000       0x7e
 .comment       0x00000000       0x7e app.o
                                 0x7f (size before relaxing)
 .comment       0x0000007e       0x7f uart.o

.debug_info     0x00000000       0xc8
 .debug_info    0x00000000       0x71 app.o
 .debug_info    0x00000071       0x57 uart.o

.debug_abbrev   0x00000000       0xb8
 .debug_abbrev  0x00000000       0x67 app.o
 .debug_abbrev  0x00000067       0x51 uart.o

.debug_aranges  0x00000000       0x40
 .debug_aranges
                0x00000000       0x20 app.o
 .debug_aranges
                0x00000020       0x20 uart.o

.debug_line     0x00000000       0x79
 .debug_line    0x00000000       0x36 app.o
 .debug_line    0x00000036       0x43 uart.o

.debug_str      0x00000000       0xd9
 .debug_str     0x00000000       0xb5 app.o
 .debug_str     0x000000b5       0x24 uart.o
                                 0xb3 (size before relaxing)

.debug_frame    0x00000000       0x54
 .debug_frame   0x00000000       0x2c app.o
 .debug_frame   0x0000002c       0x28 uart.o
